The following package(s) have broken symlinks into the cache:
- boot
- class
- cluster
- codetools
- foreign
- KernSmooth
- lattice
- MASS
- Matrix
- mgcv
- nlme
- nnet
- rpart
- spatial
- survival
Use `]8;;x-r-run:renv::repair()renv::repair()]8;;` to try and reinstall these packages.

- One or more packages recorded in the lockfile are not installed.
- Use `]8;;x-r-run:renv::status()renv::status()]8;;` for more details.
here() starts at /home/bjoern/projects/var-predictability-benchmark
fitting mean...
fitting locf...
fitting trend...
fitting ri...
[ri] [ri] WARNING: Model failed to converge with max|grad| = 0.00316817 (tol = 0.002, component 1)
  See ?lme4::convergence and ?lme4::troubleshooting.

fitting ar...
fitting var...
fitting ml_ar...
[ml_ar] boundary (singular) fit: see help('isSingular')

[ml_ar] boundary (singular) fit: see help('isSingular')

fitting ml_var...
[ml_var] p=17 > max_p=12, using uncorrelated RE
[ml_var] boundary (singular) fit: see help('isSingular')

[ml_var] boundary (singular) fit: see help('isSingular')

[ml_var] boundary (singular) fit: see help('isSingular')

[ml_var] boundary (singular) fit: see help('isSingular')

[ml_var] boundary (singular) fit: see help('isSingular')

[ml_var] boundary (singular) fit: see help('isSingular')

[ml_var] boundary (singular) fit: see help('isSingular')

[ml_var] boundary (singular) fit: see help('isSingular')

[ml_var] boundary (singular) fit: see help('isSingular')

[ml_var] boundary (singular) fit: see help('isSingular')

[ml_var] boundary (singular) fit: see help('isSingular')

[ml_var] boundary (singular) fit: see help('isSingular')

[ml_var] boundary (singular) fit: see help('isSingular')

[ml_var] boundary (singular) fit: see help('isSingular')

[ml_var] boundary (singular) fit: see help('isSingular')

[ml_var] boundary (singular) fit: see help('isSingular')

[ml_var] boundary (singular) fit: see help('isSingular')

[ml_var] boundary (singular) fit: see help('isSingular')

[ml_var] boundary (singular) fit: see help('isSingular')

[ml_var] boundary (singular) fit: see help('isSingular')

[ml_var] boundary (singular) fit: see help('isSingular')

[ml_var] boundary (singular) fit: see help('isSingular')

[ml_var] boundary (singular) fit: see help('isSingular')

[ml_var] boundary (singular) fit: see help('isSingular')

[ml_var] boundary (singular) fit: see help('isSingular')

[ml_var] boundary (singular) fit: see help('isSingular')

[ml_var] boundary (singular) fit: see help('isSingular')

[ml_var] boundary (singular) fit: see help('isSingular')

[ml_var] boundary (singular) fit: see help('isSingular')

[ml_var] boundary (singular) fit: see help('isSingular')

[ml_var] boundary (singular) fit: see help('isSingular')

[ml_var] boundary (singular) fit: see help('isSingular')

[ml_var] boundary (singular) fit: see help('isSingular')

[ml_var] boundary (singular) fit: see help('isSingular')

[ml_var] boundary (singular) fit: see help('isSingular')

[ml_var] boundary (singular) fit: see help('isSingular')

[ml_var] boundary (singular) fit: see help('isSingular')

[ml_var] boundary (singular) fit: see help('isSingular')

[ml_var] boundary (singular) fit: see help('isSingular')

[ml_var] boundary (singular) fit: see help('isSingular')

[ml_var] boundary (singular) fit: see help('isSingular')

[ml_var] boundary (singular) fit: see help('isSingular')

[ml_var] boundary (singular) fit: see help('isSingular')

[ml_var] boundary (singular) fit: see help('isSingular')

[ml_var] boundary (singular) fit: see help('isSingular')

[ml_var] boundary (singular) fit: see help('isSingular')

[ml_var] boundary (singular) fit: see help('isSingular')

[ml_var] boundary (singular) fit: see help('isSingular')

[ml_var] boundary (singular) fit: see help('isSingular')

[ml_var] boundary (singular) fit: see help('isSingular')

[ml_var] boundary (singular) fit: see help('isSingular')

[ml_var] boundary (singular) fit: see help('isSingular')

[ml_var] boundary (singular) fit: see help('isSingular')

[ml_var] boundary (singular) fit: see help('isSingular')

[ml_var] boundary (singular) fit: see help('isSingular')

[ml_var] boundary (singular) fit: see help('isSingular')

[ml_var] boundary (singular) fit: see help('isSingular')

[ml_var] boundary (singular) fit: see help('isSingular')

[ml_var] boundary (singular) fit: see help('isSingular')

[ml_var] boundary (singular) fit: see help('isSingular')

[ml_var] boundary (singular) fit: see help('isSingular')

[ml_var] boundary (singular) fit: see help('isSingular')

[ml_var] boundary (singular) fit: see help('isSingular')

[ml_var] boundary (singular) fit: see help('isSingular')

[ml_var] boundary (singular) fit: see help('isSingular')

[ml_var] boundary (singular) fit: see help('isSingular')

[ml_var] boundary (singular) fit: see help('isSingular')

[ml_var] boundary (singular) fit: see help('isSingular')

[ml_var] boundary (singular) fit: see help('isSingular')

[ml_var] boundary (singular) fit: see help('isSingular')

[ml_var] boundary (singular) fit: see help('isSingular')

[ml_var] boundary (singular) fit: see help('isSingular')

[ml_var] boundary (singular) fit: see help('isSingular')

[ml_var] boundary (singular) fit: see help('isSingular')

[ml_var] boundary (singular) fit: see help('isSingular')

[ml_var] boundary (singular) fit: see help('isSingular')

[ml_var] boundary (singular) fit: see help('isSingular')

[ml_var] boundary (singular) fit: see help('isSingular')

[ml_var] boundary (singular) fit: see help('isSingular')

[ml_var] boundary (singular) fit: see help('isSingular')

[ml_var] boundary (singular) fit: see help('isSingular')

[ml_var] boundary (singular) fit: see help('isSingular')

[ml_var] boundary (singular) fit: see help('isSingular')

[ml_var] boundary (singular) fit: see help('isSingular')

[ml_var] boundary (singular) fit: see help('isSingular')

[ml_var] boundary (singular) fit: see help('isSingular')

[ml_var] boundary (singular) fit: see help('isSingular')

[ml_var] boundary (singular) fit: see help('isSingular')

[ml_var] boundary (singular) fit: see help('isSingular')

[ml_var] boundary (singular) fit: see help('isSingular')

[ml_var] boundary (singular) fit: see help('isSingular')

[ml_var] boundary (singular) fit: see help('isSingular')

[ml_var] boundary (singular) fit: see help('isSingular')

[ml_var] boundary (singular) fit: see help('isSingular')

[ml_var] boundary (singular) fit: see help('isSingular')

[ml_var] boundary (singular) fit: see help('isSingular')

[ml_var] boundary (singular) fit: see help('isSingular')

[ml_var] boundary (singular) fit: see help('isSingular')

[ml_var] boundary (singular) fit: see help('isSingular')

[ml_var] boundary (singular) fit: see help('isSingular')

[ml_var] boundary (singular) fit: see help('isSingular')

[ml_var] boundary (singular) fit: see help('isSingular')

[ml_var] boundary (singular) fit: see help('isSingular')

[ml_var] boundary (singular) fit: see help('isSingular')

[ml_var] boundary (singular) fit: see help('isSingular')

[ml_var] boundary (singular) fit: see help('isSingular')

[ml_var] boundary (singular) fit: see help('isSingular')

[ml_var] boundary (singular) fit: see help('isSingular')

[ml_var] boundary (singular) fit: see help('isSingular')

[ml_var] boundary (singular) fit: see help('isSingular')

[ml_var] boundary (singular) fit: see help('isSingular')

[ml_var] boundary (singular) fit: see help('isSingular')

[ml_var] boundary (singular) fit: see help('isSingular')

[ml_var] boundary (singular) fit: see help('isSingular')

[ml_var] boundary (singular) fit: see help('isSingular')

[ml_var] boundary (singular) fit: see help('isSingular')

[ml_var] boundary (singular) fit: see help('isSingular')

[ml_var] boundary (singular) fit: see help('isSingular')

[ml_var] boundary (singular) fit: see help('isSingular')

[ml_var] boundary (singular) fit: see help('isSingular')

[ml_var] boundary (singular) fit: see help('isSingular')

[ml_var] boundary (singular) fit: see help('isSingular')

[ml_var] boundary (singular) fit: see help('isSingular')

[ml_var] boundary (singular) fit: see help('isSingular')

[ml_var] boundary (singular) fit: see help('isSingular')

[ml_var] boundary (singular) fit: see help('isSingular')

[ml_var] boundary (singular) fit: see help('isSingular')

[ml_var] boundary (singular) fit: see help('isSingular')

[ml_var] boundary (singular) fit: see help('isSingular')

[ml_var] boundary (singular) fit: see help('isSingular')

[ml_var] boundary (singular) fit: see help('isSingular')

[ml_var] boundary (singular) fit: see help('isSingular')

[ml_var] boundary (singular) fit: see help('isSingular')

[ml_var] boundary (singular) fit: see help('isSingular')

[ml_var] boundary (singular) fit: see help('isSingular')

[ml_var] boundary (singular) fit: see help('isSingular')

[ml_var] boundary (singular) fit: see help('isSingular')

[ml_var] boundary (singular) fit: see help('isSingular')

[ml_var] boundary (singular) fit: see help('isSingular')

[ml_var] boundary (singular) fit: see help('isSingular')

[ml_var] boundary (singular) fit: see help('isSingular')

[ml_var] boundary (singular) fit: see help('isSingular')

[ml_var] boundary (singular) fit: see help('isSingular')

[ml_var] boundary (singular) fit: see help('isSingular')

[ml_var] boundary (singular) fit: see help('isSingular')

[ml_var] boundary (singular) fit: see help('isSingular')

[ml_var] boundary (singular) fit: see help('isSingular')

[ml_var] boundary (singular) fit: see help('isSingular')

[ml_var] boundary (singular) fit: see help('isSingular')

[ml_var] boundary (singular) fit: see help('isSingular')

[ml_var] boundary (singular) fit: see help('isSingular')

[ml_var] boundary (singular) fit: see help('isSingular')

[ml_var] boundary (singular) fit: see help('isSingular')

[ml_var] boundary (singular) fit: see help('isSingular')

[ml_var] boundary (singular) fit: see help('isSingular')

[ml_var] boundary (singular) fit: see help('isSingular')

[ml_var] boundary (singular) fit: see help('isSingular')

[ml_var] boundary (singular) fit: see help('isSingular')

[ml_var] boundary (singular) fit: see help('isSingular')

[ml_var] boundary (singular) fit: see help('isSingular')

[ml_var] boundary (singular) fit: see help('isSingular')

[ml_var] boundary (singular) fit: see help('isSingular')

[ml_var] boundary (singular) fit: see help('isSingular')

[ml_var] boundary (singular) fit: see help('isSingular')

[ml_var] boundary (singular) fit: see help('isSingular')

[ml_var] boundary (singular) fit: see help('isSingular')

[ml_var] boundary (singular) fit: see help('isSingular')

[ml_var] boundary (singular) fit: see help('isSingular')

[ml_var] boundary (singular) fit: see help('isSingular')

[ml_var] boundary (singular) fit: see help('isSingular')

[ml_var] boundary (singular) fit: see help('isSingular')

[ml_var] boundary (singular) fit: see help('isSingular')

[ml_var] boundary (singular) fit: see help('isSingular')

[ml_var] boundary (singular) fit: see help('isSingular')

[ml_var] boundary (singular) fit: see help('isSingular')

[ml_var] boundary (singular) fit: see help('isSingular')

[ml_var] boundary (singular) fit: see help('isSingular')

[ml_var] boundary (singular) fit: see help('isSingular')

[ml_var] boundary (singular) fit: see help('isSingular')

[ml_var] boundary (singular) fit: see help('isSingular')

[ml_var] boundary (singular) fit: see help('isSingular')

[ml_var] boundary (singular) fit: see help('isSingular')

[ml_var] boundary (singular) fit: see help('isSingular')

[ml_var] boundary (singular) fit: see help('isSingular')

[ml_var] boundary (singular) fit: see help('isSingular')

[ml_var] boundary (singular) fit: see help('isSingular')

[ml_var] boundary (singular) fit: see help('isSingular')

fit 0034: 20 persons x 8 models
