The following package(s) have broken symlinks into the cache:
- boot
- class
- cluster
- codetools
- foreign
- KernSmooth
- lattice
- MASS
- Matrix
- mgcv
- nlme
- nnet
- rpart
- spatial
- survival
Use `]8;;x-r-run:renv::repair()renv::repair()]8;;` to try and reinstall these packages.

- One or more packages recorded in the lockfile are not installed.
- Use `]8;;x-r-run:renv::status()renv::status()]8;;` for more details.
here() starts at /home/bjoern/projects/var-predictability-benchmark
fitting mean...
fitting locf...
fitting trend...
fitting ri...
fitting ar...
[ar] WARNING: rank-deficient OLS fit: aliased coefficients set to 0
[ar] WARNING: rank-deficient OLS fit: aliased coefficients set to 0
[ar] WARNING: rank-deficient OLS fit: aliased coefficients set to 0
[ar] WARNING: rank-deficient OLS fit: aliased coefficients set to 0
[ar] WARNING: rank-deficient OLS fit: aliased coefficients set to 0
[ar] WARNING: rank-deficient OLS fit: aliased coefficients set to 0
[ar] WARNING: rank-deficient OLS fit: aliased coefficients set to 0
[ar] WARNING: rank-deficient OLS fit: aliased coefficients set to 0
[ar] WARNING: rank-deficient OLS fit: aliased coefficients set to 0
[ar] WARNING: rank-deficient OLS fit: aliased coefficients set to 0
[ar] WARNING: rank-deficient OLS fit: aliased coefficients set to 0
[ar] WARNING: rank-deficient OLS fit: aliased coefficients set to 0
[ar] WARNING: rank-deficient OLS fit: aliased coefficients set to 0
[ar] WARNING: rank-deficient OLS fit: aliased coefficients set to 0
[ar] WARNING: rank-deficient OLS fit: aliased coefficients set to 0
[ar] WARNING: rank-deficient OLS fit: aliased coefficients set to 0
[ar] WARNING: rank-deficient OLS fit: aliased coefficients set to 0
fitting var...
[var] WARNING: rank-deficient OLS fit: aliased coefficients set to 0
[var] WARNING: rank-deficient OLS fit: aliased coefficients set to 0
[var] WARNING: rank-deficient OLS fit: aliased coefficients set to 0
[var] WARNING: rank-deficient OLS fit: aliased coefficients set to 0
[var] WARNING: rank-deficient OLS fit: aliased coefficients set to 0
[var] WARNING: rank-deficient OLS fit: aliased coefficients set to 0
[var] WARNING: rank-deficient OLS fit: aliased coefficients set to 0
[var] WARNING: rank-deficient OLS fit: aliased coefficients set to 0
[var] WARNING: rank-deficient OLS fit: aliased coefficients set to 0
[var] WARNING: rank-deficient OLS fit: aliased coefficients set to 0
[var] WARNING: rank-deficient OLS fit: aliased coefficients set to 0
[var] WARNING: rank-deficient OLS fit: aliased coefficients set to 0
[var] WARNING: rank-deficient OLS fit: aliased coefficients set to 0
[var] WARNING: rank-deficient OLS fit: aliased coefficients set to 0
[var] WARNING: rank-deficient OLS fit: aliased coefficients set to 0
[var] WARNING: rank-deficient OLS fit: aliased coefficients set to 0
[var] WARNING: rank-deficient OLS fit: aliased coefficients set to 0
fitting ml_ar...
[ml_ar] boundary (singular) fit: see help('isSingular')
[ml_ar] boundary (singular) fit: see help('isSingular')
[ml_ar] boundary (singular) fit: see help('isSingular')
fitting ml_var...
[ml_var] boundary (singular) fit: see help('isSingular')
[ml_var] boundary (singular) fit: see help('isSingular')
[ml_var] boundary (singular) fit: see help('isSingular')
[ml_var] boundary (singular) fit: see help('isSingular')
[ml_var] boundary (singular) fit: see help('isSingular')
[ml_var] boundary (singular) fit: see help('isSingular')
[ml_var] boundary (singular) fit: see help('isSingular')
[ml_var] boundary (singular) fit: see help('isSingular')
[ml_var] boundary (singular) fit: see help('isSingular')
[ml_var] boundary (singular) fit: see help('isSingular')
[ml_var] boundary (singular) fit: see help('isSingular')
[ml_var] boundary (singular) fit: see help('isSingular')
[ml_var] boundary (singular) fit: see help('isSingular')
[ml_var] boundary (singular) fit: see help('isSingular')
[ml_var] boundary (singular) fit: see help('isSingular')
[ml_var] boundary (singular) fit: see help('isSingular')
[ml_var] boundary (singular) fit: see help('isSingular')
[ml_var] boundary (singular) fit: see help('isSingular')
[ml_var] boundary (singular) fit: see help('isSingular')
[ml_var] boundary (singular) fit: see help('isSingular')
[ml_var] boundary (singular) fit: see help('isSingular')
[ml_var] boundary (singular) fit: see help('isSingular')
[ml_var] boundary (singular) fit: see help('isSingular')
[ml_var] boundary (singular) fit: see help('isSingular')
[ml_var] boundary (singular) fit: see help('isSingular')
[ml_var] boundary (singular) fit: see help('isSingular')
[ml_var] boundary (singular) fit: see help('isSingular')
[ml_var] boundary (singular) fit: see help('isSingular')
[ml_var] boundary (singular) fit: see help('isSingular')
[ml_var] boundary (singular) fit: see help('isSingular')
[ml_var] boundary (singular) fit: see help('isSingular')
[ml_var] boundary (singular) fit: see help('isSingular')
[ml_var] boundary (singular) fit: see help('isSingular')
[ml_var] boundary (singular) fit: see help('isSingular')
[ml_var] boundary (singular) fit: see help('isSingular')
fit 0072: 70 persons x 8 models
