- The project is out-of-sync -- use `renv::status()` for details.
here() starts at C:/Users/Bjoern/nondrive-academia/Projects/var-predictability-benchmark
[ri] boundary (singular) fit: see help('isSingular')

[ri] boundary (singular) fit: see help('isSingular')

[ri] boundary (singular) fit: see help('isSingular')

[ri] boundary (singular) fit: see help('isSingular')

[ri] boundary (singular) fit: see help('isSingular')

[ml_ar] boundary (singular) fit: see help('isSingular')

[ml_ar] boundary (singular) fit: see help('isSingular')

[ml_ar] boundary (singular) fit: see help('isSingular')

[ml_ar] boundary (singular) fit: see help('isSingular')

[ml_ar] boundary (singular) fit: see help('isSingular')

[ml_ar] boundary (singular) fit: see help('isSingular')

[ml_ar] boundary (singular) fit: see help('isSingular')

[ml_ar] boundary (singular) fit: see help('isSingular')

[ml_ar] boundary (singular) fit: see help('isSingular')

[ml_ar] boundary (singular) fit: see help('isSingular')

[ml_ar] boundary (singular) fit: see help('isSingular')

[ml_ar] boundary (singular) fit: see help('isSingular')

[ml_ar] boundary (singular) fit: see help('isSingular')

[ml_ar] boundary (singular) fit: see help('isSingular')

[ml_ar] boundary (singular) fit: see help('isSingular')

[ml_ar] boundary (singular) fit: see help('isSingular')

[ml_ar] boundary (singular) fit: see help('isSingular')

[ml_ar] boundary (singular) fit: see help('isSingular')

[ml_ar] boundary (singular) fit: see help('isSingular')

[ml_ar] boundary (singular) fit: see help('isSingular')

[ml_ar] boundary (singular) fit: see help('isSingular')

[ml_ar] boundary (singular) fit: see help('isSingular')

[ml_ar] boundary (singular) fit: see help('isSingular')

[ml_ar] boundary (singular) fit: see help('isSingular')

[ml_ar] boundary (singular) fit: see help('isSingular')

[ml_ar] boundary (singular) fit: see help('isSingular')

[ml_ar] boundary (singular) fit: see help('isSingular')

[ml_ar] boundary (singular) fit: see help('isSingular')

[ml_ar] boundary (singular) fit: see help('isSingular')

[ml_ar] boundary (singular) fit: see help('isSingular')

[ml_var] boundary (singular) fit: see help('isSingular')

[ml_var] boundary (singular) fit: see help('isSingular')

[ml_var] boundary (singular) fit: see help('isSingular')

[ml_var] boundary (singular) fit: see help('isSingular')

[ml_var] boundary (singular) fit: see help('isSingular')

[ml_var] boundary (singular) fit: see help('isSingular')

[ml_var] boundary (singular) fit: see help('isSingular')

[ml_var] boundary (singular) fit: see help('isSingular')

[ml_var] boundary (singular) fit: see help('isSingular')

[ml_var] boundary (singular) fit: see help('isSingular')

[ml_var] boundary (singular) fit: see help('isSingular')

[ml_var] boundary (singular) fit: see help('isSingular')

[ml_var] boundary (singular) fit: see help('isSingular')

[ml_var] boundary (singular) fit: see help('isSingular')

[ml_var] boundary (singular) fit: see help('isSingular')

[ml_var] boundary (singular) fit: see help('isSingular')

[ml_var] boundary (singular) fit: see help('isSingular')

[ml_var] boundary (singular) fit: see help('isSingular')

[ml_var] boundary (singular) fit: see help('isSingular')

[ml_var] boundary (singular) fit: see help('isSingular')

[ml_var] boundary (singular) fit: see help('isSingular')

[ml_var] boundary (singular) fit: see help('isSingular')

[ml_var] boundary (singular) fit: see help('isSingular')

[ml_var] boundary (singular) fit: see help('isSingular')

[ml_var] boundary (singular) fit: see help('isSingular')

[ml_var] boundary (singular) fit: see help('isSingular')

[ml_var] boundary (singular) fit: see help('isSingular')

[ml_var] boundary (singular) fit: see help('isSingular')

[ml_var] boundary (singular) fit: see help('isSingular')

[ml_var] boundary (singular) fit: see help('isSingular')

fit mock01: 15 persons x 7 models
